[
    {
        "arities": [
            1,
            1
        ],
        "filename": "AOFA_A00",
        "symbols": [
            "-singleton"
        ],
        "type": "func"
    },
    {
        "arities": [
            1,
            3
        ],
        "filename": "AOFA_A00",
        "symbols": [
            "+*"
        ],
        "type": "func"
    },
    {
        "arities": [
            6
        ],
        "filename": "AOFA_A00",
        "symbols": [
            "<*",
            "*>"
        ],
        "type": "bracket_func"
    },
    {
        "arities": [
            7
        ],
        "filename": "AOFA_A00",
        "symbols": [
            "<*",
            "*>"
        ],
        "type": "bracket_func"
    },
    {
        "arities": [
            8
        ],
        "filename": "AOFA_A00",
        "symbols": [
            "<*",
            "*>"
        ],
        "type": "bracket_func"
    },
    {
        "arities": [
            2
        ],
        "filename": "AOFA_A00",
        "symbols": [
            "ManySortedMSSet"
        ],
        "type": "mode"
    },
    {
        "arities": [
            2
        ],
        "filename": "AOFA_A00",
        "symbols": [
            "ManySortedMSSet"
        ],
        "type": "mode"
    },
    {
        "arities": [
            1,
            2
        ],
        "filename": "AOFA_A00",
        "symbols": [
            "is_of_type"
        ],
        "type": "pred"
    },
    {
        "arities": [
            0,
            1
        ],
        "filename": "AOFA_A00",
        "symbols": [
            "vf"
        ],
        "type": "func"
    },
    {
        "arities": [
            0
        ],
        "filename": "AOFA_A00",
        "symbols": [
            "vf-correct"
        ],
        "type": "attr"
    },
    {
        "arities": [
            0
        ],
        "filename": "AOFA_A00",
        "symbols": [
            "vf-free"
        ],
        "type": "attr"
    },
    {
        "arities": [
            1
        ],
        "filename": "AOFA_A00",
        "symbols": [
            "ManySortedElement"
        ],
        "type": "mode"
    },
    {
        "arities": [
            0
        ],
        "filename": "AOFA_A00",
        "symbols": [
            "undefined"
        ],
        "type": "attr"
    },
    {
        "arities": [
            0
        ],
        "filename": "AOFA_A00",
        "symbols": [
            "undef-consequent"
        ],
        "type": "attr"
    },
    {
        "arities": [
            1
        ],
        "filename": "AOFA_A00",
        "symbols": [
            "-undef"
        ],
        "type": "attr"
    },
    {
        "arities": [
            0
        ],
        "filename": "AOFA_A00",
        "symbols": [
            "disjoint_valued"
        ],
        "type": "attr"
    },
    {
        "arities": [
            1
        ],
        "filename": "AOFA_A00",
        "symbols": [
            "preIfWhileAlgebra"
        ],
        "type": "mode"
    },
    {
        "arities": [
            1
        ],
        "filename": "AOFA_A00",
        "symbols": [
            "IfWhileAlgebra"
        ],
        "type": "mode"
    },
    {
        "arities": [
            1,
            2
        ],
        "filename": "AOFA_A00",
        "symbols": [
            ":="
        ],
        "type": "func"
    },
    {
        "arities": [
            1,
            1
        ],
        "filename": "AOFA_A00",
        "symbols": [
            "-States"
        ],
        "type": "func"
    },
    {
        "arities": [
            1,
            2
        ],
        "filename": "AOFA_A00",
        "symbols": [
            "-States"
        ],
        "type": "func"
    },
    {
        "arities": [
            1,
            2
        ],
        "filename": "AOFA_A00",
        "symbols": [
            "value_at"
        ],
        "type": "func"
    },
    {
        "arities": [
            2
        ],
        "filename": "AOFA_A00",
        "symbols": [
            "Element"
        ],
        "type": "mode"
    },
    {
        "arities": [
            1,
            1
        ],
        "filename": "AOFA_A00",
        "symbols": [
            "."
        ],
        "type": "func"
    },
    {
        "arities": [
            0,
            1
        ],
        "filename": "AOFA_A00",
        "symbols": [
            "supp-var"
        ],
        "type": "func"
    },
    {
        "arities": [
            0,
            1
        ],
        "filename": "AOFA_A00",
        "symbols": [
            "supp-term"
        ],
        "type": "func"
    },
    {
        "arities": [
            1
        ],
        "filename": "AOFA_A00",
        "symbols": [
            "-supported"
        ],
        "type": "attr"
    },
    {
        "arities": [
            0,
            3
        ],
        "filename": "AOFA_A00",
        "symbols": [
            "succ"
        ],
        "type": "func"
    },
    {
        "arities": [
            1,
            3
        ],
        "filename": "AOFA_A00",
        "symbols": [
            "-Execution"
        ],
        "type": "func"
    },
    {
        "arities": [
            0
        ],
        "filename": "AOFA_A00",
        "symbols": [
            "1-1-connectives"
        ],
        "type": "attr"
    },
    {
        "arities": [
            1
        ],
        "filename": "AOFA_A00",
        "symbols": [
            "-connectives"
        ],
        "type": "attr"
    },
    {
        "arities": [
            0
        ],
        "filename": "AOFA_A00",
        "symbols": [
            "bool-correct"
        ],
        "type": "attr"
    },
    {
        "arities": [
            0
        ],
        "filename": "AOFA_A00",
        "symbols": [
            "bool-correct"
        ],
        "type": "attr"
    },
    {
        "arities": [
            0,
            1
        ],
        "filename": "AOFA_A00",
        "symbols": [
            "\\true"
        ],
        "type": "func"
    },
    {
        "arities": [
            0,
            1
        ],
        "filename": "AOFA_A00",
        "symbols": [
            "\\not"
        ],
        "type": "func"
    },
    {
        "arities": [
            1,
            1
        ],
        "filename": "AOFA_A00",
        "symbols": [
            "\\and"
        ],
        "type": "func"
    },
    {
        "arities": [
            1,
            1
        ],
        "filename": "AOFA_A00",
        "symbols": [
            "\\or"
        ],
        "type": "func"
    },
    {
        "arities": [
            1,
            1
        ],
        "filename": "AOFA_A00",
        "symbols": [
            "\\imp"
        ],
        "type": "func"
    },
    {
        "arities": [
            1,
            1
        ],
        "filename": "AOFA_A00",
        "symbols": [
            "\\iff"
        ],
        "type": "func"
    },
    {
        "arities": [
            2
        ],
        "filename": "AOFA_A00",
        "symbols": [
            "integer"
        ],
        "type": "attr"
    },
    {
        "arities": [
            0
        ],
        "filename": "AOFA_A00",
        "symbols": [
            "integer"
        ],
        "type": "attr"
    },
    {
        "arities": [
            0,
            2
        ],
        "filename": "AOFA_A00",
        "symbols": [
            "\\0"
        ],
        "type": "func"
    },
    {
        "arities": [
            0,
            2
        ],
        "filename": "AOFA_A00",
        "symbols": [
            "\\1"
        ],
        "type": "func"
    },
    {
        "arities": [
            0,
            1
        ],
        "filename": "AOFA_A00",
        "symbols": [
            "-"
        ],
        "type": "func"
    },
    {
        "arities": [
            1,
            1
        ],
        "filename": "AOFA_A00",
        "symbols": [
            "+"
        ],
        "type": "func"
    },
    {
        "arities": [
            1,
            1
        ],
        "filename": "AOFA_A00",
        "symbols": [
            "*"
        ],
        "type": "func"
    },
    {
        "arities": [
            1,
            1
        ],
        "filename": "AOFA_A00",
        "symbols": [
            "div"
        ],
        "type": "func"
    },
    {
        "arities": [
            0,
            2
        ],
        "filename": "AOFA_A00",
        "symbols": [
            "leq"
        ],
        "type": "func"
    },
    {
        "arities": [
            1,
            1
        ],
        "filename": "AOFA_A00",
        "symbols": [
            "-"
        ],
        "type": "func"
    },
    {
        "arities": [
            1,
            1
        ],
        "filename": "AOFA_A00",
        "symbols": [
            "mod"
        ],
        "type": "func"
    },
    {
        "arities": [
            2
        ],
        "filename": "AOFA_A00",
        "symbols": [
            "integer"
        ],
        "type": "attr"
    },
    {
        "arities": [
            3
        ],
        "filename": "AOFA_A00",
        "symbols": [
            "-array"
        ],
        "type": "attr"
    },
    {
        "arities": [
            3
        ],
        "filename": "AOFA_A00",
        "symbols": [
            "-array"
        ],
        "type": "attr"
    },
    {
        "arities": [
            1,
            1
        ],
        "filename": "AOFA_A00",
        "symbols": [
            "+*"
        ],
        "type": "func"
    },
    {
        "arities": [
            1
        ],
        "filename": "AOFA_A00",
        "symbols": [
            "array-correct"
        ],
        "type": "attr"
    },
    {
        "arities": [
            0,
            1
        ],
        "filename": "AOFA_A00",
        "symbols": [
            "the_array_sort_of"
        ],
        "type": "func"
    },
    {
        "arities": [
            0,
            2
        ],
        "filename": "AOFA_A00",
        "symbols": [
            "length"
        ],
        "type": "func"
    },
    {
        "arities": [
            1,
            1
        ],
        "filename": "AOFA_A00",
        "symbols": [
            "."
        ],
        "type": "func"
    },
    {
        "arities": [
            2,
            1
        ],
        "filename": "AOFA_A00",
        "symbols": [
            "<-"
        ],
        "type": "func"
    },
    {
        "arities": [
            0,
            2
        ],
        "filename": "AOFA_A00",
        "symbols": [
            "init.array"
        ],
        "type": "func"
    },
    {
        "arities": [
            2,
            1
        ],
        "filename": "AOFA_A00",
        "symbols": [
            "+*"
        ],
        "type": "func"
    }
]